Setting up test database...
 Container backend-postgres-test-1  Stopping
 Container backend-postgres-test-1  Stopped
 Container backend-postgres-test-1  Removing
 Container backend-postgres-test-1  Removed
 Volume backend_pgdata-test  Removing
 Network backend_default  Removing
 Volume backend_pgdata-test  Removed
 Network backend_default  Removed
 Network backend_default  Creating
 Network backend_default  Created
 Volume "backend_pgdata-test"  Creating
 Volume "backend_pgdata-test"  Created
 Container backend-postgres-test-1  Creating
 Container backend-postgres-test-1  Created
 Container backend-postgres-test-1  Starting
 Container backend-postgres-test-1  Started
Waiting for test database to be available...
Running migrations...
Applied 1/migrate bigid (6.173459ms)
Applied 2/migrate currency (2.503917ms)
Applied 3/migrate ledger (2.644708ms)
Applied 4/migrate account (4.043708ms)
Applied 5/migrate transaction (2.352125ms)
Applied 6/migrate entry (2.694916ms)
Running tests...
warning: fields `page` and `size` are never read
  --> examples/rest_api_client.rs:64:5
   |
63 | struct PaginationMeta {
   |        -------------- fields in this struct
64 |     page: u32,
   |     ^^^^
65 |     size: u32,
   |     ^^^^
   |
   = note: `PaginationMeta` has a derived impl for the trait `Debug`, but this is intentionally ignored during dead code analysis
   = note: `#[warn(dead_code)]` on by default

warning: `blackledger` (example "rest_api_client") generated 1 warning
    Finished `test` profile [unoptimized + debuginfo] target(s) in 0.10s
     Running unittests src/lib.rs (target/debug/deps/blackledger-1298e2ec28f86850)

running 24 tests
test db::tests::test_create_pool ... ignored, requires database connection
test config::tests::test_config_missing_database_url ... ok
test config::tests::test_config_invalid_port ... ok
test models::entry::tests::test_entry_is_valid ... ok
test models::entry::tests::test_entry_amount ... ok
test config::tests::test_config_from_env_with_auth ... ok
test config::tests::test_config_from_env_with_defaults ... ok
test services::validation::tests::test_validate_double_entry_balance_multi_currency ... ok
test error::tests::test_not_found_error_response ... ok
test error::tests::test_validation_error_response ... ok
test error::tests::test_unauthorized_error_response ... ok
test error::tests::test_unbalanced_transaction_error_response ... ok
test error::tests::test_optimistic_lock_error_response ... ok
test error::tests::test_duplicate_key_error_response ... ok
test services::validation::tests::test_validate_double_entry_balance_unbalanced ... ok
test services::validation::tests::test_validate_double_entry_balance_valid ... ok
test services::validation::tests::test_validate_double_entry_balance_zero_amounts ... ok
test services::validation::tests::test_validate_entries_both_debit_and_credit ... ok
test services::validation::tests::test_validate_entries_empty ... ok
test services::validation::tests::test_validate_entries_invalid_currency_code ... ok
test services::validation::tests::test_validate_entries_negative_amounts ... ok
test services::validation::tests::test_validate_entries_neither_debit_nor_credit ... ok
test models::currency::tests::test_invalid_currency_code ... ok
test models::currency::tests::test_valid_currency_code ... ok

test result: ok. 23 passed; 0 failed; 1 ignored; 0 measured; 0 filtered out; finished in 0.00s

     Running unittests src/main.rs (target/debug/deps/blackledger-6724ae6d3862cba1)

running 0 tests

test result: ok. 0 passed; 0 failed; 0 ignored; 0 measured; 0 filtered out; finished in 0.00s

     Running tests/api_tests.rs (target/debug/deps/api_tests-48c0bd9cf3107c5e)

running 11 tests
test test_account_operations ... ok
test test_create_and_get_currency ... FAILED
test test_currency_search_with_regex ... FAILED
test test_unbalanced_transaction_rejection ... ok
test test_sql_injection_prevention ... ok
test test_transaction_posting ... FAILED
test test_ledger_crud_operations ... ok
test test_currency_pagination_and_sorting ... FAILED
test test_ledger_search ... ok
test test_name_filter_validation ... ok
test test_account_search_parameters ... ok

failures:

---- test_create_and_get_currency stdout ----

thread 'test_create_and_get_currency' panicked at tests/api_tests.rs:102:5:
assertion failed: currencies.iter().any(|c| c["code"] == "GOOG")
note: run with `RUST_BACKTRACE=1` environment variable to display a backtrace

---- test_currency_search_with_regex stdout ----

thread 'test_currency_search_with_regex' panicked at tests/api_tests.rs:143:5:
assertion `left == right` failed
  left: 0
 right: 1

---- test_transaction_posting stdout ----
Transaction creation failed with status 400 Bad Request: {"error":"Account 132616 does not exist","status":400}

thread 'test_transaction_posting' panicked at tests/api_tests.rs:1197:5:
assertion `left == right` failed
  left: 400
 right: 201

---- test_currency_pagination_and_sorting stdout ----

thread 'test_currency_pagination_and_sorting' panicked at tests/api_tests.rs:316:5:
assertion failed: codes.contains(&"USD".to_string())


failures:
    test_create_and_get_currency
    test_currency_pagination_and_sorting
    test_currency_search_with_regex
    test_transaction_posting

test result: FAILED. 7 passed; 4 failed; 0 ignored; 0 measured; 0 filtered out; finished in 0.24s

error: test failed, to rerun pass `--test api_tests`
